╭──────────╮
│ Loops  6 │ Repos │ Agents │                                                                                                     ⠋ scanning
┴──────────┴───────┴────────┴───────────────────────────────────────────────────────────────────────────────────────────────────────────────
 ‹open›  waiting  done  all  │  headings                                                                                 2 marked · 6 items
────────────────────────────────────────────────────────────────────────────────────────────────────────────────────────────────────────────
●▾ Localized notifications                                                                                                            2 open
●    sga9  open     Design template + args persistence for localized persisted strings                                                   19m
   ▸ nktt  open     Background workers speak the requester's language                                                        [promoted]   2d
 ▾ (unassigned)                                                                                                                       3 open
     9xz1  open     TUI design spike                                                                                                      1h
     p0rt  open     Read the port design once more                                                                                        2h
     4h2k  waiting  Deploy blocked until the migration is approved                                                           @maria       5d












────────────────────────────────────────────────────────────────────────────────────────────────────────────────────────────────────────────
 nktt · devresults · open · created 2d ago

 Background workers speak the requester's language
 tags  promoted








────────────────────────────────────────────────────────────────────────────────────────────────────────────────────────────────────────────

 m move · d done · w waiting · t tag · x mark · X clear