╭──────────╮
│ Loops  6 │ Repos │ Agents │                                         ⠋ scanning
┴──────────┴───────┴────────┴───────────────────────────────────────────────────
 moving  2 items  + 1 child                           esc cancels · enter drops
────────────────────────────────────────────────────────────────────────────────
   ── top level ──
 ▾ Localized notifications                                                1 open
     sga9  open  Design template + args persistence for localized persiste…  19m
   9xz1  open  TUI design spike                                               1h




























────────────────────────────────────────────────────────────────────────────────

 ↑ ↓ move · ← → fold · enter drops · esc cancels