        ╭──────╮
│ Loops │ Scan │ Review │
┴───────┴──────┴────────┴───────────────────────────────────────────────────────────────────────────────────────────────────────────────────
  no signals

















────────────────────────────────────────────────────────────────────────────────────────────────────────────────────────────────────────────

 p promote · d dismiss · o open in browser · r refresh · / filter · ? keys