                ╭────────╮
│ Loops │ Repos │ Agents │                                            ⠋ scanning
┴───────┴───────┴────────┴──────────────────────────────────────────────────────
 ‹today›  yesterday  week  last week                    4 sessions · 53 prompts
────────────────────────────────────────────────────────────────────────────────
 ▾ C:\dev\dr\devresults\devresults                        1 session · 28 prompts
   ▸ 09:10  Background workers speak the requester's language         28 prompts
 ▸ C:\dev\waid                                           3 sessions · 25 prompts













────────────────────────────────────────────────────────────────────────────────

 space preview · R resume · o open repo · y copy id · s range · d date · ? keys