╭──────────╮
│ Loops  6 │ Repos │ Agents │                                                                                                     ⠋ scanning
┴──────────┴───────┴────────┴───────────────────────────────────────────────────────────────────────────────────────────────────────────────
 ‹open›  waiting  done  all  │  headings                                                                                            3 items
────────────────────────────────────────────────────────────────────────────────────────────────────────────────────────────────────────────
 ▾ Localized notifications                                                                                                            1 open
   ▾ Background workers speak the requester's language                                                                                1 open
       4h2k  waiting  Deploy blocked until the migration is approved                                                              @maria  5d
















────────────────────────────────────────────────────────────────────────────────────────────────────────────────────────────────────────────
 vq2n · devresults · open · created 3d ago

 Localized notifications









────────────────────────────────────────────────────────────────────────────────────────────────────────────────────────────────────────────
 /migration  esc clears
 x done · w waiting · e edit · t tags · m move · n note · y copy id · a add · / filter · s status · h headings · H heading · P dock · ? keys