╭──────────╮
│ Loops  6 │ Repos │ Agents │                                                                                                     ⠋ scanning
┴──────────┴───────┴────────┴───────────────────────────────────────────────────────────────────────────────────────────────────────────────
 moving  4h2k  Deploy blocked until the migration is approved                                                     esc cancels · enter drops
────────────────────────────────────────────────────────────────────────────────────────────────────────────────────────────────────────────
   ── top level ──
 ▾ Localized notifications                                                                                                            2 open
     sga9  open  Design template + args persistence for localized persisted strings                                                      19m
   ▸ nktt  open  Background workers speak the requester's language                                                           [promoted]   2d
 ▸ (unassigned)                                                                                                                       2 open











────────────────────────────────────────────────────────────────────────────────────────────────────────────────────────────────────────────

 j k move · h l fold · enter drops · esc cancels