╭──────────╮
│ Loops  6 │ Repos │ Agents │                                                                                                     ⠋ scanning
┴──────────┴───────┴────────┴───────────────────────────────────────────────────────────────────────────────────────────────────────────────
 moving  4h2k  Deploy blocked until the migration is approved                                                     esc cancels · enter drops
────────────────────────────────────────────────────────────────────────────────────────────────────────────────────────────────────────────
   ── top level ──
 ▾ Localized notifications                                                                                                            2 open
     sga9  open  Design template + args persistence for localized persisted strings                                                      19m
   ▸ nktt  open  Background workers speak the requester's language                                                           [promoted]   2d
   9xz1  open  TUI design spike                                                                                                           1h
   p0rt  open  Read the port design once more                                                                                             2h


























────────────────────────────────────────────────────────────────────────────────────────────────────────────────────────────────────────────

 ↑ ↓ move · ← → fold · enter drops · esc cancels