        ╭───────╮
│ Loops │ Repos │ Agents │
┴───────┴───────┴────────┴──────────────────────────────────────────────────────
 ‹all›  review  pr  ahead  dirty                           0 signals · ⏱ 2m ago
────────────────────────────────────────────────────────────────────────────────
  no signals















────────────────────────────────────────────────────────────────────────────────

 p promote · d dismiss · o open in browser · r refresh · / filter · ? keys